{
  "checks": {
    "AST": 12300,
    "AST_ROLL5": 12300,
    "AST_ROLL5_DIFF": 12300,
    "BLK": 12300,
    "BLK_ROLL5": 12300,
    "FG3_PCT": 12300,
    "FG3_PCT_ROLL5": 12300,
    "FG3_PCT_ROLL5_DIFF": 12300,
    "FG_PCT": 12300,
    "FG_PCT_ROLL5": 12300,
    "FG_PCT_ROLL5_DIFF": 12300,
    "FT_PCT": 12300,
    "FT_PCT_ROLL5": 12300,
    "OPP_AST_ROLL5": 12300,
    "OPP_BLK_ROLL5": 12300,
    "OPP_FG3_PCT_ROLL5": 12300,
    "OPP_FG_PCT_ROLL5": 12300,
    "OPP_FT_PCT_ROLL5": 12300,
    "OPP_PLUS_MINUS_ROLL5": 12300,
    "OPP_PTS_ROLL5": 12300,
    "OPP_REB_ROLL5": 12300,
    "OPP_REST_DAYS": 12300,
    "OPP_STL_ROLL5": 12300,
    "OPP_TOV_ROLL5": 12300,
    "OPP_WIN_PCT_ROLL5": 12300,
    "PLUS_MINUS": 12300,
    "PLUS_MINUS_ROLL5": 12300,
    "PLUS_MINUS_ROLL5_DIFF": 12300,
    "PREV_GAMES": 12300,
    "PREV_PTS": 12300,
    "PREV_WIN": 12300,
    "PREV_WINS": 12300,
    "PTS": 12300,
    "PTS_ROLL5": 12300,
    "PTS_ROLL5_DIFF": 12300,
    "REB": 12300,
    "REB_ROLL5": 12300,
    "REB_ROLL5_DIFF": 12300,
    "REST_DAYS": 12300,
    "REST_DAYS_DIFF": 12300,
    "SEASON_WIN_PCT": 12300,
    "STL": 12300,
    "STL_ROLL5": 12300,
    "TEAM_GAME_NUMBER": 12300,
    "TOV": 12300,
    "TOV_ROLL5": 12300,
    "TOV_ROLL5_DIFF": 12300,
    "WIN": 12300,
    "WIN_PCT_ROLL5": 12300,
    "WIN_PCT_ROLL5_DIFF": 12300,
    "WIN_STREAK": 12300,
    "opponent_cardinality": 12300,
    "strict_prior_date": 12150
  },
  "date_max": "2026-04-12",
  "date_min": "2021-10-19",
  "games": 6150,
  "history_rows": 12300,
  "inputs": {
    "history": {
      "path": "/Users/namle/Documents/GitHub/nba-prediction-engine/.automation/worktree/data/processed/team_game_logs_clean.csv",
      "sha256": "abbb5bc18a9eefb448013549e88e99e35b67444f40d63a6f6adb6f6dfeff90a1"
    },
    "modeling": {
      "path": "/Users/namle/Documents/GitHub/nba-prediction-engine/.automation/worktree/data/processed/team_game_modeling.csv",
      "sha256": "f5045d6fd053764eedfe0adc301e0a5c23328dfe3a7b851e1b48867ec2b4ffc0"
    }
  },
  "issues": {},
  "modeling_rows": 12300,
  "ok": true,
  "samples": [],
  "seasons": {
    "2021-22": 2460,
    "2022-23": 2460,
    "2023-24": 2460,
    "2024-25": 2460,
    "2025-26": 2460
  }
}
